// Jest Snapshot v1, https://goo.gl/fbAQLP

exports[`ProyectoFecha renderiza correctamente el calendario con la fecha marcada 1`] = `
[
  <Text
    style={
      {
        "fontWeight": "bold",
        "marginBottom": 4,
        "marginTop": 8,
      }
    }
  >
    Fecha de Cultivo
  </Text>,
  <View>
    <View
      style={
        [
          {
            "backgroundColor": "white",
            "paddingLeft": 5,
            "paddingRight": 5,
          },
          {
            "marginBottom": 16,
          },
        ]
      }
    >
      <View
        accessibilityActions={
          [
            {
              "label": "increment",
              "name": "increment",
            },
            {
              "label": "decrement",
              "name": "decrement",
            },
          ]
        }
        accessibilityRole="adjustable"
        accessible={true}
        onAccessibilityAction={[Function]}
        testID="undefined.header"
      >
        <View
          style={
            [
              {
                "alignItems": "center",
                "flexDirection": "row",
                "justifyContent": "space-between",
                "marginTop": 6,
                "paddingLeft": 10,
                "paddingRight": 10,
              },
              undefined,
            ]
          }
        >
          <View
            accessibilityState={
              {
                "busy": undefined,
                "checked": undefined,
                "disabled": undefined,
                "expanded": undefined,
                "selected": undefined,
              }
            }
            accessibilityValue={
              {
                "max": undefined,
                "min": undefined,
                "now": undefined,
                "text": undefined,
              }
            }
            accessible={true}
            collapsable={false}
            focusable={true}
            hitSlop={
              {
                "bottom": 20,
                "left": 20,
                "right": 20,
                "top": 20,
              }
            }
            onClick={[Function]}
            onResponderGrant={[Function]}
            onResponderMove={[Function]}
            onResponderRelease={[Function]}
            onResponderTerminate={[Function]}
            onResponderTerminationRequest={[Function]}
            onStartShouldSetResponder={[Function]}
            style={
              {
                "opacity": 1,
                "padding": 10,
              }
            }
            testID="undefined.header.leftArrow"
          >
            <Image
              source={
                {
                  "testUri": "../../react-native-calendars/src/calendar/img/previous.png",
                }
              }
              style={
                {
                  "tintColor": "#00BBF2",
                }
              }
            />
          </View>
          <View
            style={
              {
                "flexDirection": "row",
              }
            }
          >
            <Text
              allowFontScaling={false}
              style={
                {
                  "color": "#2d4150",
                  "fontFamily": "System",
                  "fontSize": 16,
                  "fontWeight": "300",
                  "margin": 10,
                }
              }
              testID="undefined.header.title"
            >
              May 2025
            </Text>
          </View>
          <View
            accessibilityState={
              {
                "busy": undefined,
                "checked": undefined,
                "disabled": undefined,
                "expanded": undefined,
                "selected": undefined,
              }
            }
            accessibilityValue={
              {
                "max": undefined,
                "min": undefined,
                "now": undefined,
                "text": undefined,
              }
            }
            accessible={true}
            collapsable={false}
            focusable={true}
            hitSlop={
              {
                "bottom": 20,
                "left": 20,
                "right": 20,
                "top": 20,
              }
            }
            onClick={[Function]}
            onResponderGrant={[Function]}
            onResponderMove={[Function]}
            onResponderRelease={[Function]}
            onResponderTerminate={[Function]}
            onResponderTerminationRequest={[Function]}
            onStartShouldSetResponder={[Function]}
            style={
              {
                "opacity": 1,
                "padding": 10,
              }
            }
            testID="undefined.header.rightArrow"
          >
            <Image
              source={
                {
                  "testUri": "../../react-native-calendars/src/calendar/img/next.png",
                }
              }
              style={
                {
                  "tintColor": "#00BBF2",
                }
              }
            />
          </View>
        </View>
        <View
          style={
            [
              {
                "flexDirection": "row",
                "justifyContent": "space-around",
                "marginTop": 7,
              },
              undefined,
            ]
          }
          testID="undefined.header.dayNames"
        >
          <Text
            accessibilityLabel=""
            allowFontScaling={false}
            numberOfLines={1}
            style={
              [
                {
                  "color": "#b6c1cd",
                  "fontFamily": "System",
                  "fontSize": 13,
                  "fontWeight": undefined,
                  "marginBottom": 7,
                  "marginTop": 2,
                  "textAlign": "center",
                  "width": 32,
                },
              ]
            }
          >
            Sun
          </Text>
          <Text
            accessibilityLabel=""
            allowFontScaling={false}
            numberOfLines={1}
            style={
              [
                {
                  "color": "#b6c1cd",
                  "fontFamily": "System",
                  "fontSize": 13,
                  "fontWeight": undefined,
                  "marginBottom": 7,
                  "marginTop": 2,
                  "textAlign": "center",
                  "width": 32,
                },
              ]
            }
          >
            Mon
          </Text>
          <Text
            accessibilityLabel=""
            allowFontScaling={false}
            numberOfLines={1}
            style={
              [
                {
                  "color": "#b6c1cd",
                  "fontFamily": "System",
                  "fontSize": 13,
                  "fontWeight": undefined,
                  "marginBottom": 7,
                  "marginTop": 2,
                  "textAlign": "center",
                  "width": 32,
                },
              ]
            }
          >
            Tue
          </Text>
          <Text
            accessibilityLabel=""
            allowFontScaling={false}
            numberOfLines={1}
            style={
              [
                {
                  "color": "#b6c1cd",
                  "fontFamily": "System",
                  "fontSize": 13,
                  "fontWeight": undefined,
                  "marginBottom": 7,
                  "marginTop": 2,
                  "textAlign": "center",
                  "width": 32,
                },
              ]
            }
          >
            Wed
          </Text>
          <Text
            accessibilityLabel=""
            allowFontScaling={false}
            numberOfLines={1}
            style={
              [
                {
                  "color": "#b6c1cd",
                  "fontFamily": "System",
                  "fontSize": 13,
                  "fontWeight": undefined,
                  "marginBottom": 7,
                  "marginTop": 2,
                  "textAlign": "center",
                  "width": 32,
                },
              ]
            }
          >
            Thu
          </Text>
          <Text
            accessibilityLabel=""
            allowFontScaling={false}
            numberOfLines={1}
            style={
              [
                {
                  "color": "#b6c1cd",
                  "fontFamily": "System",
                  "fontSize": 13,
                  "fontWeight": undefined,
                  "marginBottom": 7,
                  "marginTop": 2,
                  "textAlign": "center",
                  "width": 32,
                },
              ]
            }
          >
            Fri
          </Text>
          <Text
            accessibilityLabel=""
            allowFontScaling={false}
            numberOfLines={1}
            style={
              [
                {
                  "color": "#b6c1cd",
                  "fontFamily": "System",
                  "fontSize": 13,
                  "fontWeight": undefined,
                  "marginBottom": 7,
                  "marginTop": 2,
                  "textAlign": "center",
                  "width": 32,
                },
              ]
            }
          >
            Sat
          </Text>
        </View>
      </View>
      <View
        style={
          {
            "backgroundColor": "white",
          }
        }
      >
        <View
          style={
            {
              "flexDirection": "row",
              "justifyContent": "space-around",
              "marginVertical": 7,
            }
          }
        >
          <View
            style={
              {
                "flex": 1,
              }
            }
          />
          <View
            style={
              {
                "flex": 1,
              }
            }
          />
          <View
            style={
              {
                "flex": 1,
              }
            }
          />
          <View
            style={
              {
                "flex": 1,
              }
            }
          />
          <View
            style={
              {
                "alignItems": "center",
                "flex": 1,
              }
            }
          >
            <View
              accessibilityLabel=" Thursday 1 May 2025 "
              accessibilityState={
                {
                  "busy": undefined,
                  "checked": undefined,
                  "disabled": false,
                  "expanded": undefined,
                  "selected": undefined,
                }
              }
              accessibilityValue={
                {
                  "max": undefined,
                  "min": undefined,
                  "now": undefined,
                  "text": undefined,
                }
              }
              accessible={true}
              collapsable={false}
              focusable={true}
              onClick={[Function]}
              onResponderGrant={[Function]}
              onResponderMove={[Function]}
              onResponderRelease={[Function]}
              onResponderTerminate={[Function]}
              onResponderTerminationRequest={[Function]}
              onStartShouldSetResponder={[Function]}
              style={
                {
                  "alignItems": "center",
                  "height": 32,
                  "opacity": 1,
                  "width": 32,
                }
              }
              testID="undefined.day_2025-05-01"
            >
              <Text
                allowFontScaling={false}
                style={
                  [
                    {
                      "backgroundColor": "rgba(0, 0, 0, 0)",
                      "color": "#2d4150",
                      "fontFamily": "System",
                      "fontSize": 16,
                      "fontWeight": "300",
                      "marginTop": 6,
                    },
                    {
                      "color": "#d9e1e8",
                    },
                  ]
                }
              >
                1
              </Text>
              <View
                style={
                  [
                    {
                      "borderRadius": 2,
                      "height": 4,
                      "marginHorizontal": 1,
                      "marginTop": 1,
                      "opacity": 0,
                      "width": 4,
                    },
                  ]
                }
              />
            </View>
          </View>
          <View
            style={
              {
                "alignItems": "center",
                "flex": 1,
              }
            }
          >
            <View
              accessibilityLabel=" Friday 2 May 2025 "
              accessibilityState={
                {
                  "busy": undefined,
                  "checked": undefined,
                  "disabled": false,
                  "expanded": undefined,
                  "selected": undefined,
                }
              }
              accessibilityValue={
                {
                  "max": undefined,
                  "min": undefined,
                  "now": undefined,
                  "text": undefined,
                }
              }
              accessible={true}
              collapsable={false}
              focusable={true}
              onClick={[Function]}
              onResponderGrant={[Function]}
              onResponderMove={[Function]}
              onResponderRelease={[Function]}
              onResponderTerminate={[Function]}
              onResponderTerminationRequest={[Function]}
              onStartShouldSetResponder={[Function]}
              style={
                {
                  "alignItems": "center",
                  "height": 32,
                  "opacity": 1,
                  "width": 32,
                }
              }
              testID="undefined.day_2025-05-02"
            >
              <Text
                allowFontScaling={false}
                style={
                  [
                    {
                      "backgroundColor": "rgba(0, 0, 0, 0)",
                      "color": "#2d4150",
                      "fontFamily": "System",
                      "fontSize": 16,
                      "fontWeight": "300",
                      "marginTop": 6,
                    },
                    {
                      "color": "#d9e1e8",
                    },
                  ]
                }
              >
                2
              </Text>
              <View
                style={
                  [
                    {
                      "borderRadius": 2,
                      "height": 4,
                      "marginHorizontal": 1,
                      "marginTop": 1,
                      "opacity": 0,
                      "width": 4,
                    },
                  ]
                }
              />
            </View>
          </View>
          <View
            style={
              {
                "alignItems": "center",
                "flex": 1,
              }
            }
          >
            <View
              accessibilityLabel=" Saturday 3 May 2025 "
              accessibilityState={
                {
                  "busy": undefined,
                  "checked": undefined,
                  "disabled": false,
                  "expanded": undefined,
                  "selected": undefined,
                }
              }
              accessibilityValue={
                {
                  "max": undefined,
                  "min": undefined,
                  "now": undefined,
                  "text": undefined,
                }
              }
              accessible={true}
              collapsable={false}
              focusable={true}
              onClick={[Function]}
              onResponderGrant={[Function]}
              onResponderMove={[Function]}
              onResponderRelease={[Function]}
              onResponderTerminate={[Function]}
              onResponderTerminationRequest={[Function]}
              onStartShouldSetResponder={[Function]}
              style={
                {
                  "alignItems": "center",
                  "height": 32,
                  "opacity": 1,
                  "width": 32,
                }
              }
              testID="undefined.day_2025-05-03"
            >
              <Text
                allowFontScaling={false}
                style={
                  [
                    {
                      "backgroundColor": "rgba(0, 0, 0, 0)",
                      "color": "#2d4150",
                      "fontFamily": "System",
                      "fontSize": 16,
                      "fontWeight": "300",
                      "marginTop": 6,
                    },
                    {
                      "color": "#d9e1e8",
                    },
                  ]
                }
              >
                3
              </Text>
              <View
                style={
                  [
                    {
                      "borderRadius": 2,
                      "height": 4,
                      "marginHorizontal": 1,
                      "marginTop": 1,
                      "opacity": 0,
                      "width": 4,
                    },
                  ]
                }
              />
            </View>
          </View>
        </View>
        <View
          style={
            {
              "flexDirection": "row",
              "justifyContent": "space-around",
              "marginVertical": 7,
            }
          }
        >
          <View
            style={
              {
                "alignItems": "center",
                "flex": 1,
              }
            }
          >
            <View
              accessibilityLabel=" Sunday 4 May 2025 "
              accessibilityState={
                {
                  "busy": undefined,
                  "checked": undefined,
                  "disabled": false,
                  "expanded": undefined,
                  "selected": undefined,
                }
              }
              accessibilityValue={
                {
                  "max": undefined,
                  "min": undefined,
                  "now": undefined,
                  "text": undefined,
                }
              }
              accessible={true}
              collapsable={false}
              focusable={true}
              onClick={[Function]}
              onResponderGrant={[Function]}
              onResponderMove={[Function]}
              onResponderRelease={[Function]}
              onResponderTerminate={[Function]}
              onResponderTerminationRequest={[Function]}
              onStartShouldSetResponder={[Function]}
              style={
                {
                  "alignItems": "center",
                  "height": 32,
                  "opacity": 1,
                  "width": 32,
                }
              }
              testID="undefined.day_2025-05-04"
            >
              <Text
                allowFontScaling={false}
                style={
                  [
                    {
                      "backgroundColor": "rgba(0, 0, 0, 0)",
                      "color": "#2d4150",
                      "fontFamily": "System",
                      "fontSize": 16,
                      "fontWeight": "300",
                      "marginTop": 6,
                    },
                    {
                      "color": "#d9e1e8",
                    },
                  ]
                }
              >
                4
              </Text>
              <View
                style={
                  [
                    {
                      "borderRadius": 2,
                      "height": 4,
                      "marginHorizontal": 1,
                      "marginTop": 1,
                      "opacity": 0,
                      "width": 4,
                    },
                  ]
                }
              />
            </View>
          </View>
          <View
            style={
              {
                "alignItems": "center",
                "flex": 1,
              }
            }
          >
            <View
              accessibilityLabel=" Monday 5 May 2025 "
              accessibilityState={
                {
                  "busy": undefined,
                  "checked": undefined,
                  "disabled": false,
                  "expanded": undefined,
                  "selected": undefined,
                }
              }
              accessibilityValue={
                {
                  "max": undefined,
                  "min": undefined,
                  "now": undefined,
                  "text": undefined,
                }
              }
              accessible={true}
              collapsable={false}
              focusable={true}
              onClick={[Function]}
              onResponderGrant={[Function]}
              onResponderMove={[Function]}
              onResponderRelease={[Function]}
              onResponderTerminate={[Function]}
              onResponderTerminationRequest={[Function]}
              onStartShouldSetResponder={[Function]}
              style={
                {
                  "alignItems": "center",
                  "height": 32,
                  "opacity": 1,
                  "width": 32,
                }
              }
              testID="undefined.day_2025-05-05"
            >
              <Text
                allowFontScaling={false}
                style={
                  [
                    {
                      "backgroundColor": "rgba(0, 0, 0, 0)",
                      "color": "#2d4150",
                      "fontFamily": "System",
                      "fontSize": 16,
                      "fontWeight": "300",
                      "marginTop": 6,
                    },
                    {
                      "color": "#d9e1e8",
                    },
                  ]
                }
              >
                5
              </Text>
              <View
                style={
                  [
                    {
                      "borderRadius": 2,
                      "height": 4,
                      "marginHorizontal": 1,
                      "marginTop": 1,
                      "opacity": 0,
                      "width": 4,
                    },
                  ]
                }
              />
            </View>
          </View>
          <View
            style={
              {
                "alignItems": "center",
                "flex": 1,
              }
            }
          >
            <View
              accessibilityLabel=" Tuesday 6 May 2025 "
              accessibilityState={
                {
                  "busy": undefined,
                  "checked": undefined,
                  "disabled": false,
                  "expanded": undefined,
                  "selected": undefined,
                }
              }
              accessibilityValue={
                {
                  "max": undefined,
                  "min": undefined,
                  "now": undefined,
                  "text": undefined,
                }
              }
              accessible={true}
              collapsable={false}
              focusable={true}
              onClick={[Function]}
              onResponderGrant={[Function]}
              onResponderMove={[Function]}
              onResponderRelease={[Function]}
              onResponderTerminate={[Function]}
              onResponderTerminationRequest={[Function]}
              onStartShouldSetResponder={[Function]}
              style={
                {
                  "alignItems": "center",
                  "height": 32,
                  "opacity": 1,
                  "width": 32,
                }
              }
              testID="undefined.day_2025-05-06"
            >
              <Text
                allowFontScaling={false}
                style={
                  [
                    {
                      "backgroundColor": "rgba(0, 0, 0, 0)",
                      "color": "#2d4150",
                      "fontFamily": "System",
                      "fontSize": 16,
                      "fontWeight": "300",
                      "marginTop": 6,
                    },
                    {
                      "color": "#d9e1e8",
                    },
                  ]
                }
              >
                6
              </Text>
              <View
                style={
                  [
                    {
                      "borderRadius": 2,
                      "height": 4,
                      "marginHorizontal": 1,
                      "marginTop": 1,
                      "opacity": 0,
                      "width": 4,
                    },
                  ]
                }
              />
            </View>
          </View>
          <View
            style={
              {
                "alignItems": "center",
                "flex": 1,
              }
            }
          >
            <View
              accessibilityLabel=" Wednesday 7 May 2025 "
              accessibilityState={
                {
                  "busy": undefined,
                  "checked": undefined,
                  "disabled": false,
                  "expanded": undefined,
                  "selected": undefined,
                }
              }
              accessibilityValue={
                {
                  "max": undefined,
                  "min": undefined,
                  "now": undefined,
                  "text": undefined,
                }
              }
              accessible={true}
              collapsable={false}
              focusable={true}
              onClick={[Function]}
              onResponderGrant={[Function]}
              onResponderMove={[Function]}
              onResponderRelease={[Function]}
              onResponderTerminate={[Function]}
              onResponderTerminationRequest={[Function]}
              onStartShouldSetResponder={[Function]}
              style={
                {
                  "alignItems": "center",
                  "height": 32,
                  "opacity": 1,
                  "width": 32,
                }
              }
              testID="undefined.day_2025-05-07"
            >
              <Text
                allowFontScaling={false}
                style={
                  [
                    {
                      "backgroundColor": "rgba(0, 0, 0, 0)",
                      "color": "#2d4150",
                      "fontFamily": "System",
                      "fontSize": 16,
                      "fontWeight": "300",
                      "marginTop": 6,
                    },
                    {
                      "color": "#d9e1e8",
                    },
                  ]
                }
              >
                7
              </Text>
              <View
                style={
                  [
                    {
                      "borderRadius": 2,
                      "height": 4,
                      "marginHorizontal": 1,
                      "marginTop": 1,
                      "opacity": 0,
                      "width": 4,
                    },
                  ]
                }
              />
            </View>
          </View>
          <View
            style={
              {
                "alignItems": "center",
                "flex": 1,
              }
            }
          >
            <View
              accessibilityLabel=" Thursday 8 May 2025 "
              accessibilityState={
                {
                  "busy": undefined,
                  "checked": undefined,
                  "disabled": false,
                  "expanded": undefined,
                  "selected": undefined,
                }
              }
              accessibilityValue={
                {
                  "max": undefined,
                  "min": undefined,
                  "now": undefined,
                  "text": undefined,
                }
              }
              accessible={true}
              collapsable={false}
              focusable={true}
              onClick={[Function]}
              onResponderGrant={[Function]}
              onResponderMove={[Function]}
              onResponderRelease={[Function]}
              onResponderTerminate={[Function]}
              onResponderTerminationRequest={[Function]}
              onStartShouldSetResponder={[Function]}
              style={
                {
                  "alignItems": "center",
                  "height": 32,
                  "opacity": 1,
                  "width": 32,
                }
              }
              testID="undefined.day_2025-05-08"
            >
              <Text
                allowFontScaling={false}
                style={
                  [
                    {
                      "backgroundColor": "rgba(0, 0, 0, 0)",
                      "color": "#2d4150",
                      "fontFamily": "System",
                      "fontSize": 16,
                      "fontWeight": "300",
                      "marginTop": 6,
                    },
                    {
                      "color": "#d9e1e8",
                    },
                  ]
                }
              >
                8
              </Text>
              <View
                style={
                  [
                    {
                      "borderRadius": 2,
                      "height": 4,
                      "marginHorizontal": 1,
                      "marginTop": 1,
                      "opacity": 0,
                      "width": 4,
                    },
                  ]
                }
              />
            </View>
          </View>
          <View
            style={
              {
                "alignItems": "center",
                "flex": 1,
              }
            }
          >
            <View
              accessibilityLabel=" Friday 9 May 2025 "
              accessibilityState={
                {
                  "busy": undefined,
                  "checked": undefined,
                  "disabled": false,
                  "expanded": undefined,
                  "selected": undefined,
                }
              }
              accessibilityValue={
                {
                  "max": undefined,
                  "min": undefined,
                  "now": undefined,
                  "text": undefined,
                }
              }
              accessible={true}
              collapsable={false}
              focusable={true}
              onClick={[Function]}
              onResponderGrant={[Function]}
              onResponderMove={[Function]}
              onResponderRelease={[Function]}
              onResponderTerminate={[Function]}
              onResponderTerminationRequest={[Function]}
              onStartShouldSetResponder={[Function]}
              style={
                {
                  "alignItems": "center",
                  "height": 32,
                  "opacity": 1,
                  "width": 32,
                }
              }
              testID="undefined.day_2025-05-09"
            >
              <Text
                allowFontScaling={false}
                style={
                  [
                    {
                      "backgroundColor": "rgba(0, 0, 0, 0)",
                      "color": "#2d4150",
                      "fontFamily": "System",
                      "fontSize": 16,
                      "fontWeight": "300",
                      "marginTop": 6,
                    },
                    {
                      "color": "#d9e1e8",
                    },
                  ]
                }
              >
                9
              </Text>
              <View
                style={
                  [
                    {
                      "borderRadius": 2,
                      "height": 4,
                      "marginHorizontal": 1,
                      "marginTop": 1,
                      "opacity": 0,
                      "width": 4,
                    },
                  ]
                }
              />
            </View>
          </View>
          <View
            style={
              {
                "alignItems": "center",
                "flex": 1,
              }
            }
          >
            <View
              accessibilityLabel=" Saturday 10 May 2025 "
              accessibilityState={
                {
                  "busy": undefined,
                  "checked": undefined,
                  "disabled": false,
                  "expanded": undefined,
                  "selected": undefined,
                }
              }
              accessibilityValue={
                {
                  "max": undefined,
                  "min": undefined,
                  "now": undefined,
                  "text": undefined,
                }
              }
              accessible={true}
              collapsable={false}
              focusable={true}
              onClick={[Function]}
              onResponderGrant={[Function]}
              onResponderMove={[Function]}
              onResponderRelease={[Function]}
              onResponderTerminate={[Function]}
              onResponderTerminationRequest={[Function]}
              onStartShouldSetResponder={[Function]}
              style={
                {
                  "alignItems": "center",
                  "height": 32,
                  "opacity": 1,
                  "width": 32,
                }
              }
              testID="undefined.day_2025-05-10"
            >
              <Text
                allowFontScaling={false}
                style={
                  [
                    {
                      "backgroundColor": "rgba(0, 0, 0, 0)",
                      "color": "#2d4150",
                      "fontFamily": "System",
                      "fontSize": 16,
                      "fontWeight": "300",
                      "marginTop": 6,
                    },
                    {
                      "color": "#d9e1e8",
                    },
                  ]
                }
              >
                10
              </Text>
              <View
                style={
                  [
                    {
                      "borderRadius": 2,
                      "height": 4,
                      "marginHorizontal": 1,
                      "marginTop": 1,
                      "opacity": 0,
                      "width": 4,
                    },
                  ]
                }
              />
            </View>
          </View>
        </View>
        <View
          style={
            {
              "flexDirection": "row",
              "justifyContent": "space-around",
              "marginVertical": 7,
            }
          }
        >
          <View
            style={
              {
                "alignItems": "center",
                "flex": 1,
              }
            }
          >
            <View
              accessibilityLabel=" Sunday 11 May 2025 "
              accessibilityState={
                {
                  "busy": undefined,
                  "checked": undefined,
                  "disabled": false,
                  "expanded": undefined,
                  "selected": undefined,
                }
              }
              accessibilityValue={
                {
                  "max": undefined,
                  "min": undefined,
                  "now": undefined,
                  "text": undefined,
                }
              }
              accessible={true}
              collapsable={false}
              focusable={true}
              onClick={[Function]}
              onResponderGrant={[Function]}
              onResponderMove={[Function]}
              onResponderRelease={[Function]}
              onResponderTerminate={[Function]}
              onResponderTerminationRequest={[Function]}
              onStartShouldSetResponder={[Function]}
              style={
                {
                  "alignItems": "center",
                  "height": 32,
                  "opacity": 1,
                  "width": 32,
                }
              }
              testID="undefined.day_2025-05-11"
            >
              <Text
                allowFontScaling={false}
                style={
                  [
                    {
                      "backgroundColor": "rgba(0, 0, 0, 0)",
                      "color": "#2d4150",
                      "fontFamily": "System",
                      "fontSize": 16,
                      "fontWeight": "300",
                      "marginTop": 6,
                    },
                    {
                      "color": "#d9e1e8",
                    },
                  ]
                }
              >
                11
              </Text>
              <View
                style={
                  [
                    {
                      "borderRadius": 2,
                      "height": 4,
                      "marginHorizontal": 1,
                      "marginTop": 1,
                      "opacity": 0,
                      "width": 4,
                    },
                  ]
                }
              />
            </View>
          </View>
          <View
            style={
              {
                "alignItems": "center",
                "flex": 1,
              }
            }
          >
            <View
              accessibilityLabel=" Monday 12 May 2025 "
              accessibilityState={
                {
                  "busy": undefined,
                  "checked": undefined,
                  "disabled": false,
                  "expanded": undefined,
                  "selected": undefined,
                }
              }
              accessibilityValue={
                {
                  "max": undefined,
                  "min": undefined,
                  "now": undefined,
                  "text": undefined,
                }
              }
              accessible={true}
              collapsable={false}
              focusable={true}
              onClick={[Function]}
              onResponderGrant={[Function]}
              onResponderMove={[Function]}
              onResponderRelease={[Function]}
              onResponderTerminate={[Function]}
              onResponderTerminationRequest={[Function]}
              onStartShouldSetResponder={[Function]}
              style={
                {
                  "alignItems": "center",
                  "height": 32,
                  "opacity": 1,
                  "width": 32,
                }
              }
              testID="undefined.day_2025-05-12"
            >
              <Text
                allowFontScaling={false}
                style={
                  [
                    {
                      "backgroundColor": "rgba(0, 0, 0, 0)",
                      "color": "#2d4150",
                      "fontFamily": "System",
                      "fontSize": 16,
                      "fontWeight": "300",
                      "marginTop": 6,
                    },
                    {
                      "color": "#d9e1e8",
                    },
                  ]
                }
              >
                12
              </Text>
              <View
                style={
                  [
                    {
                      "borderRadius": 2,
                      "height": 4,
                      "marginHorizontal": 1,
                      "marginTop": 1,
                      "opacity": 0,
                      "width": 4,
                    },
                  ]
                }
              />
            </View>
          </View>
          <View
            style={
              {
                "alignItems": "center",
                "flex": 1,
              }
            }
          >
            <View
              accessibilityLabel=" Tuesday 13 May 2025 "
              accessibilityState={
                {
                  "busy": undefined,
                  "checked": undefined,
                  "disabled": false,
                  "expanded": undefined,
                  "selected": undefined,
                }
              }
              accessibilityValue={
                {
                  "max": undefined,
                  "min": undefined,
                  "now": undefined,
                  "text": undefined,
                }
              }
              accessible={true}
              collapsable={false}
              focusable={true}
              onClick={[Function]}
              onResponderGrant={[Function]}
              onResponderMove={[Function]}
              onResponderRelease={[Function]}
              onResponderTerminate={[Function]}
              onResponderTerminationRequest={[Function]}
              onStartShouldSetResponder={[Function]}
              style={
                {
                  "alignItems": "center",
                  "height": 32,
                  "opacity": 1,
                  "width": 32,
                }
              }
              testID="undefined.day_2025-05-13"
            >
              <Text
                allowFontScaling={false}
                style={
                  [
                    {
                      "backgroundColor": "rgba(0, 0, 0, 0)",
                      "color": "#2d4150",
                      "fontFamily": "System",
                      "fontSize": 16,
                      "fontWeight": "300",
                      "marginTop": 6,
                    },
                    {
                      "color": "#d9e1e8",
                    },
                  ]
                }
              >
                13
              </Text>
              <View
                style={
                  [
                    {
                      "borderRadius": 2,
                      "height": 4,
                      "marginHorizontal": 1,
                      "marginTop": 1,
                      "opacity": 0,
                      "width": 4,
                    },
                  ]
                }
              />
            </View>
          </View>
          <View
            style={
              {
                "alignItems": "center",
                "flex": 1,
              }
            }
          >
            <View
              accessibilityLabel=" Wednesday 14 May 2025 "
              accessibilityState={
                {
                  "busy": undefined,
                  "checked": undefined,
                  "disabled": false,
                  "expanded": undefined,
                  "selected": undefined,
                }
              }
              accessibilityValue={
                {
                  "max": undefined,
                  "min": undefined,
                  "now": undefined,
                  "text": undefined,
                }
              }
              accessible={true}
              collapsable={false}
              focusable={true}
              onClick={[Function]}
              onResponderGrant={[Function]}
              onResponderMove={[Function]}
              onResponderRelease={[Function]}
              onResponderTerminate={[Function]}
              onResponderTerminationRequest={[Function]}
              onStartShouldSetResponder={[Function]}
              style={
                {
                  "alignItems": "center",
                  "height": 32,
                  "opacity": 1,
                  "width": 32,
                }
              }
              testID="undefined.day_2025-05-14"
            >
              <Text
                allowFontScaling={false}
                style={
                  [
                    {
                      "backgroundColor": "rgba(0, 0, 0, 0)",
                      "color": "#2d4150",
                      "fontFamily": "System",
                      "fontSize": 16,
                      "fontWeight": "300",
                      "marginTop": 6,
                    },
                    {
                      "color": "#d9e1e8",
                    },
                  ]
                }
              >
                14
              </Text>
              <View
                style={
                  [
                    {
                      "borderRadius": 2,
                      "height": 4,
                      "marginHorizontal": 1,
                      "marginTop": 1,
                      "opacity": 0,
                      "width": 4,
                    },
                  ]
                }
              />
            </View>
          </View>
          <View
            style={
              {
                "alignItems": "center",
                "flex": 1,
              }
            }
          >
            <View
              accessibilityLabel=" Thursday 15 May 2025 "
              accessibilityState={
                {
                  "busy": undefined,
                  "checked": undefined,
                  "disabled": false,
                  "expanded": undefined,
                  "selected": undefined,
                }
              }
              accessibilityValue={
                {
                  "max": undefined,
                  "min": undefined,
                  "now": undefined,
                  "text": undefined,
                }
              }
              accessible={true}
              collapsable={false}
              focusable={true}
              onClick={[Function]}
              onResponderGrant={[Function]}
              onResponderMove={[Function]}
              onResponderRelease={[Function]}
              onResponderTerminate={[Function]}
              onResponderTerminationRequest={[Function]}
              onStartShouldSetResponder={[Function]}
              style={
                {
                  "alignItems": "center",
                  "height": 32,
                  "opacity": 1,
                  "width": 32,
                }
              }
              testID="undefined.day_2025-05-15"
            >
              <Text
                allowFontScaling={false}
                style={
                  [
                    {
                      "backgroundColor": "rgba(0, 0, 0, 0)",
                      "color": "#2d4150",
                      "fontFamily": "System",
                      "fontSize": 16,
                      "fontWeight": "300",
                      "marginTop": 6,
                    },
                    {
                      "color": "#d9e1e8",
                    },
                  ]
                }
              >
                15
              </Text>
              <View
                style={
                  [
                    {
                      "borderRadius": 2,
                      "height": 4,
                      "marginHorizontal": 1,
                      "marginTop": 1,
                      "opacity": 0,
                      "width": 4,
                    },
                  ]
                }
              />
            </View>
          </View>
          <View
            style={
              {
                "alignItems": "center",
                "flex": 1,
              }
            }
          >
            <View
              accessibilityLabel=" Friday 16 May 2025 "
              accessibilityState={
                {
                  "busy": undefined,
                  "checked": undefined,
                  "disabled": false,
                  "expanded": undefined,
                  "selected": undefined,
                }
              }
              accessibilityValue={
                {
                  "max": undefined,
                  "min": undefined,
                  "now": undefined,
                  "text": undefined,
                }
              }
              accessible={true}
              collapsable={false}
              focusable={true}
              onClick={[Function]}
              onResponderGrant={[Function]}
              onResponderMove={[Function]}
              onResponderRelease={[Function]}
              onResponderTerminate={[Function]}
              onResponderTerminationRequest={[Function]}
              onStartShouldSetResponder={[Function]}
              style={
                {
                  "alignItems": "center",
                  "height": 32,
                  "opacity": 1,
                  "width": 32,
                }
              }
              testID="undefined.day_2025-05-16"
            >
              <Text
                allowFontScaling={false}
                style={
                  [
                    {
                      "backgroundColor": "rgba(0, 0, 0, 0)",
                      "color": "#2d4150",
                      "fontFamily": "System",
                      "fontSize": 16,
                      "fontWeight": "300",
                      "marginTop": 6,
                    },
                    {
                      "color": "#d9e1e8",
                    },
                  ]
                }
              >
                16
              </Text>
              <View
                style={
                  [
                    {
                      "borderRadius": 2,
                      "height": 4,
                      "marginHorizontal": 1,
                      "marginTop": 1,
                      "opacity": 0,
                      "width": 4,
                    },
                  ]
                }
              />
            </View>
          </View>
          <View
            style={
              {
                "alignItems": "center",
                "flex": 1,
              }
            }
          >
            <View
              accessibilityLabel=" Saturday 17 May 2025 "
              accessibilityState={
                {
                  "busy": undefined,
                  "checked": undefined,
                  "disabled": false,
                  "expanded": undefined,
                  "selected": undefined,
                }
              }
              accessibilityValue={
                {
                  "max": undefined,
                  "min": undefined,
                  "now": undefined,
                  "text": undefined,
                }
              }
              accessible={true}
              collapsable={false}
              focusable={true}
              onClick={[Function]}
              onResponderGrant={[Function]}
              onResponderMove={[Function]}
              onResponderRelease={[Function]}
              onResponderTerminate={[Function]}
              onResponderTerminationRequest={[Function]}
              onStartShouldSetResponder={[Function]}
              style={
                {
                  "alignItems": "center",
                  "height": 32,
                  "opacity": 1,
                  "width": 32,
                }
              }
              testID="undefined.day_2025-05-17"
            >
              <Text
                allowFontScaling={false}
                style={
                  [
                    {
                      "backgroundColor": "rgba(0, 0, 0, 0)",
                      "color": "#2d4150",
                      "fontFamily": "System",
                      "fontSize": 16,
                      "fontWeight": "300",
                      "marginTop": 6,
                    },
                    {
                      "color": "#d9e1e8",
                    },
                  ]
                }
              >
                17
              </Text>
              <View
                style={
                  [
                    {
                      "borderRadius": 2,
                      "height": 4,
                      "marginHorizontal": 1,
                      "marginTop": 1,
                      "opacity": 0,
                      "width": 4,
                    },
                  ]
                }
              />
            </View>
          </View>
        </View>
        <View
          style={
            {
              "flexDirection": "row",
              "justifyContent": "space-around",
              "marginVertical": 7,
            }
          }
        >
          <View
            style={
              {
                "alignItems": "center",
                "flex": 1,
              }
            }
          >
            <View
              accessibilityLabel=" Sunday 18 May 2025 "
              accessibilityState={
                {
                  "busy": undefined,
                  "checked": undefined,
                  "disabled": false,
                  "expanded": undefined,
                  "selected": undefined,
                }
              }
              accessibilityValue={
                {
                  "max": undefined,
                  "min": undefined,
                  "now": undefined,
                  "text": undefined,
                }
              }
              accessible={true}
              collapsable={false}
              focusable={true}
              onClick={[Function]}
              onResponderGrant={[Function]}
              onResponderMove={[Function]}
              onResponderRelease={[Function]}
              onResponderTerminate={[Function]}
              onResponderTerminationRequest={[Function]}
              onStartShouldSetResponder={[Function]}
              style={
                {
                  "alignItems": "center",
                  "height": 32,
                  "opacity": 1,
                  "width": 32,
                }
              }
              testID="undefined.day_2025-05-18"
            >
              <Text
                allowFontScaling={false}
                style={
                  [
                    {
                      "backgroundColor": "rgba(0, 0, 0, 0)",
                      "color": "#2d4150",
                      "fontFamily": "System",
                      "fontSize": 16,
                      "fontWeight": "300",
                      "marginTop": 6,
                    },
                    {
                      "color": "#d9e1e8",
                    },
                  ]
                }
              >
                18
              </Text>
              <View
                style={
                  [
                    {
                      "borderRadius": 2,
                      "height": 4,
                      "marginHorizontal": 1,
                      "marginTop": 1,
                      "opacity": 0,
                      "width": 4,
                    },
                  ]
                }
              />
            </View>
          </View>
          <View
            style={
              {
                "alignItems": "center",
                "flex": 1,
              }
            }
          >
            <View
              accessibilityLabel=" Monday 19 May 2025 "
              accessibilityState={
                {
                  "busy": undefined,
                  "checked": undefined,
                  "disabled": false,
                  "expanded": undefined,
                  "selected": undefined,
                }
              }
              accessibilityValue={
                {
                  "max": undefined,
                  "min": undefined,
                  "now": undefined,
                  "text": undefined,
                }
              }
              accessible={true}
              collapsable={false}
              focusable={true}
              onClick={[Function]}
              onResponderGrant={[Function]}
              onResponderMove={[Function]}
              onResponderRelease={[Function]}
              onResponderTerminate={[Function]}
              onResponderTerminationRequest={[Function]}
              onStartShouldSetResponder={[Function]}
              style={
                {
                  "alignItems": "center",
                  "height": 32,
                  "opacity": 1,
                  "width": 32,
                }
              }
              testID="undefined.day_2025-05-19"
            >
              <Text
                allowFontScaling={false}
                style={
                  [
                    {
                      "backgroundColor": "rgba(0, 0, 0, 0)",
                      "color": "#2d4150",
                      "fontFamily": "System",
                      "fontSize": 16,
                      "fontWeight": "300",
                      "marginTop": 6,
                    },
                    {
                      "color": "#d9e1e8",
                    },
                  ]
                }
              >
                19
              </Text>
              <View
                style={
                  [
                    {
                      "borderRadius": 2,
                      "height": 4,
                      "marginHorizontal": 1,
                      "marginTop": 1,
                      "opacity": 0,
                      "width": 4,
                    },
                  ]
                }
              />
            </View>
          </View>
          <View
            style={
              {
                "alignItems": "center",
                "flex": 1,
              }
            }
          >
            <View
              accessibilityLabel=" Tuesday 20 May 2025 "
              accessibilityState={
                {
                  "busy": undefined,
                  "checked": undefined,
                  "disabled": false,
                  "expanded": undefined,
                  "selected": undefined,
                }
              }
              accessibilityValue={
                {
                  "max": undefined,
                  "min": undefined,
                  "now": undefined,
                  "text": undefined,
                }
              }
              accessible={true}
              collapsable={false}
              focusable={true}
              onClick={[Function]}
              onResponderGrant={[Function]}
              onResponderMove={[Function]}
              onResponderRelease={[Function]}
              onResponderTerminate={[Function]}
              onResponderTerminationRequest={[Function]}
              onStartShouldSetResponder={[Function]}
              style={
                {
                  "alignItems": "center",
                  "height": 32,
                  "opacity": 1,
                  "width": 32,
                }
              }
              testID="undefined.day_2025-05-20"
            >
              <Text
                allowFontScaling={false}
                style={
                  [
                    {
                      "backgroundColor": "rgba(0, 0, 0, 0)",
                      "color": "#2d4150",
                      "fontFamily": "System",
                      "fontSize": 16,
                      "fontWeight": "300",
                      "marginTop": 6,
                    },
                    {
                      "color": "#d9e1e8",
                    },
                  ]
                }
              >
                20
              </Text>
              <View
                style={
                  [
                    {
                      "borderRadius": 2,
                      "height": 4,
                      "marginHorizontal": 1,
                      "marginTop": 1,
                      "opacity": 0,
                      "width": 4,
                    },
                  ]
                }
              />
            </View>
          </View>
          <View
            style={
              {
                "alignItems": "center",
                "flex": 1,
              }
            }
          >
            <View
              accessibilityLabel=" Wednesday 21 May 2025 "
              accessibilityState={
                {
                  "busy": undefined,
                  "checked": undefined,
                  "disabled": false,
                  "expanded": undefined,
                  "selected": undefined,
                }
              }
              accessibilityValue={
                {
                  "max": undefined,
                  "min": undefined,
                  "now": undefined,
                  "text": undefined,
                }
              }
              accessible={true}
              collapsable={false}
              focusable={true}
              onClick={[Function]}
              onResponderGrant={[Function]}
              onResponderMove={[Function]}
              onResponderRelease={[Function]}
              onResponderTerminate={[Function]}
              onResponderTerminationRequest={[Function]}
              onStartShouldSetResponder={[Function]}
              style={
                {
                  "alignItems": "center",
                  "height": 32,
                  "opacity": 1,
                  "width": 32,
                }
              }
              testID="undefined.day_2025-05-21"
            >
              <Text
                allowFontScaling={false}
                style={
                  [
                    {
                      "backgroundColor": "rgba(0, 0, 0, 0)",
                      "color": "#2d4150",
                      "fontFamily": "System",
                      "fontSize": 16,
                      "fontWeight": "300",
                      "marginTop": 6,
                    },
                    {
                      "color": "#d9e1e8",
                    },
                  ]
                }
              >
                21
              </Text>
              <View
                style={
                  [
                    {
                      "borderRadius": 2,
                      "height": 4,
                      "marginHorizontal": 1,
                      "marginTop": 1,
                      "opacity": 0,
                      "width": 4,
                    },
                  ]
                }
              />
            </View>
          </View>
          <View
            style={
              {
                "alignItems": "center",
                "flex": 1,
              }
            }
          >
            <View
              accessibilityLabel=" Thursday 22 May 2025 "
              accessibilityState={
                {
                  "busy": undefined,
                  "checked": undefined,
                  "disabled": false,
                  "expanded": undefined,
                  "selected": undefined,
                }
              }
              accessibilityValue={
                {
                  "max": undefined,
                  "min": undefined,
                  "now": undefined,
                  "text": undefined,
                }
              }
              accessible={true}
              collapsable={false}
              focusable={true}
              onClick={[Function]}
              onResponderGrant={[Function]}
              onResponderMove={[Function]}
              onResponderRelease={[Function]}
              onResponderTerminate={[Function]}
              onResponderTerminationRequest={[Function]}
              onStartShouldSetResponder={[Function]}
              style={
                {
                  "alignItems": "center",
                  "height": 32,
                  "opacity": 1,
                  "width": 32,
                }
              }
              testID="undefined.day_2025-05-22"
            >
              <Text
                allowFontScaling={false}
                style={
                  [
                    {
                      "backgroundColor": "rgba(0, 0, 0, 0)",
                      "color": "#2d4150",
                      "fontFamily": "System",
                      "fontSize": 16,
                      "fontWeight": "300",
                      "marginTop": 6,
                    },
                    {
                      "color": "#d9e1e8",
                    },
                  ]
                }
              >
                22
              </Text>
              <View
                style={
                  [
                    {
                      "borderRadius": 2,
                      "height": 4,
                      "marginHorizontal": 1,
                      "marginTop": 1,
                      "opacity": 0,
                      "width": 4,
                    },
                  ]
                }
              />
            </View>
          </View>
          <View
            style={
              {
                "alignItems": "center",
                "flex": 1,
              }
            }
          >
            <View
              accessibilityLabel=" Friday 23 May 2025 "
              accessibilityState={
                {
                  "busy": undefined,
                  "checked": undefined,
                  "disabled": false,
                  "expanded": undefined,
                  "selected": undefined,
                }
              }
              accessibilityValue={
                {
                  "max": undefined,
                  "min": undefined,
                  "now": undefined,
                  "text": undefined,
                }
              }
              accessible={true}
              collapsable={false}
              focusable={true}
              onClick={[Function]}
              onResponderGrant={[Function]}
              onResponderMove={[Function]}
              onResponderRelease={[Function]}
              onResponderTerminate={[Function]}
              onResponderTerminationRequest={[Function]}
              onStartShouldSetResponder={[Function]}
              style={
                {
                  "alignItems": "center",
                  "height": 32,
                  "opacity": 1,
                  "width": 32,
                }
              }
              testID="undefined.day_2025-05-23"
            >
              <Text
                allowFontScaling={false}
                style={
                  [
                    {
                      "backgroundColor": "rgba(0, 0, 0, 0)",
                      "color": "#2d4150",
                      "fontFamily": "System",
                      "fontSize": 16,
                      "fontWeight": "300",
                      "marginTop": 6,
                    },
                    {
                      "color": "#d9e1e8",
                    },
                  ]
                }
              >
                23
              </Text>
              <View
                style={
                  [
                    {
                      "borderRadius": 2,
                      "height": 4,
                      "marginHorizontal": 1,
                      "marginTop": 1,
                      "opacity": 0,
                      "width": 4,
                    },
                  ]
                }
              />
            </View>
          </View>
          <View
            style={
              {
                "alignItems": "center",
                "flex": 1,
              }
            }
          >
            <View
              accessibilityLabel=" Saturday 24 May 2025 "
              accessibilityState={
                {
                  "busy": undefined,
                  "checked": undefined,
                  "disabled": false,
                  "expanded": undefined,
                  "selected": undefined,
                }
              }
              accessibilityValue={
                {
                  "max": undefined,
                  "min": undefined,
                  "now": undefined,
                  "text": undefined,
                }
              }
              accessible={true}
              collapsable={false}
              focusable={true}
              onClick={[Function]}
              onResponderGrant={[Function]}
              onResponderMove={[Function]}
              onResponderRelease={[Function]}
              onResponderTerminate={[Function]}
              onResponderTerminationRequest={[Function]}
              onStartShouldSetResponder={[Function]}
              style={
                {
                  "alignItems": "center",
                  "height": 32,
                  "opacity": 1,
                  "width": 32,
                }
              }
              testID="undefined.day_2025-05-24"
            >
              <Text
                allowFontScaling={false}
                style={
                  [
                    {
                      "backgroundColor": "rgba(0, 0, 0, 0)",
                      "color": "#2d4150",
                      "fontFamily": "System",
                      "fontSize": 16,
                      "fontWeight": "300",
                      "marginTop": 6,
                    },
                    {
                      "color": "#d9e1e8",
                    },
                  ]
                }
              >
                24
              </Text>
              <View
                style={
                  [
                    {
                      "borderRadius": 2,
                      "height": 4,
                      "marginHorizontal": 1,
                      "marginTop": 1,
                      "opacity": 0,
                      "width": 4,
                    },
                  ]
                }
              />
            </View>
          </View>
        </View>
        <View
          style={
            {
              "flexDirection": "row",
              "justifyContent": "space-around",
              "marginVertical": 7,
            }
          }
        >
          <View
            style={
              {
                "alignItems": "center",
                "flex": 1,
              }
            }
          >
            <View
              accessibilityLabel=" Sunday 25 May 2025 "
              accessibilityState={
                {
                  "busy": undefined,
                  "checked": undefined,
                  "disabled": false,
                  "expanded": undefined,
                  "selected": undefined,
                }
              }
              accessibilityValue={
                {
                  "max": undefined,
                  "min": undefined,
                  "now": undefined,
                  "text": undefined,
                }
              }
              accessible={true}
              collapsable={false}
              focusable={true}
              onClick={[Function]}
              onResponderGrant={[Function]}
              onResponderMove={[Function]}
              onResponderRelease={[Function]}
              onResponderTerminate={[Function]}
              onResponderTerminationRequest={[Function]}
              onStartShouldSetResponder={[Function]}
              style={
                {
                  "alignItems": "center",
                  "height": 32,
                  "opacity": 1,
                  "width": 32,
                }
              }
              testID="undefined.day_2025-05-25"
            >
              <Text
                allowFontScaling={false}
                style={
                  [
                    {
                      "backgroundColor": "rgba(0, 0, 0, 0)",
                      "color": "#2d4150",
                      "fontFamily": "System",
                      "fontSize": 16,
                      "fontWeight": "300",
                      "marginTop": 6,
                    },
                    {
                      "color": "#d9e1e8",
                    },
                  ]
                }
              >
                25
              </Text>
              <View
                style={
                  [
                    {
                      "borderRadius": 2,
                      "height": 4,
                      "marginHorizontal": 1,
                      "marginTop": 1,
                      "opacity": 0,
                      "width": 4,
                    },
                  ]
                }
              />
            </View>
          </View>
          <View
            style={
              {
                "alignItems": "center",
                "flex": 1,
              }
            }
          >
            <View
              accessibilityLabel=" Monday 26 May 2025 "
              accessibilityState={
                {
                  "busy": undefined,
                  "checked": undefined,
                  "disabled": false,
                  "expanded": undefined,
                  "selected": undefined,
                }
              }
              accessibilityValue={
                {
                  "max": undefined,
                  "min": undefined,
                  "now": undefined,
                  "text": undefined,
                }
              }
              accessible={true}
              collapsable={false}
              focusable={true}
              onClick={[Function]}
              onResponderGrant={[Function]}
              onResponderMove={[Function]}
              onResponderRelease={[Function]}
              onResponderTerminate={[Function]}
              onResponderTerminationRequest={[Function]}
              onStartShouldSetResponder={[Function]}
              style={
                {
                  "alignItems": "center",
                  "height": 32,
                  "opacity": 1,
                  "width": 32,
                }
              }
              testID="undefined.day_2025-05-26"
            >
              <Text
                allowFontScaling={false}
                style={
                  [
                    {
                      "backgroundColor": "rgba(0, 0, 0, 0)",
                      "color": "#2d4150",
                      "fontFamily": "System",
                      "fontSize": 16,
                      "fontWeight": "300",
                      "marginTop": 6,
                    },
                    {
                      "color": "#d9e1e8",
                    },
                  ]
                }
              >
                26
              </Text>
              <View
                style={
                  [
                    {
                      "borderRadius": 2,
                      "height": 4,
                      "marginHorizontal": 1,
                      "marginTop": 1,
                      "opacity": 0,
                      "width": 4,
                    },
                  ]
                }
              />
            </View>
          </View>
          <View
            style={
              {
                "alignItems": "center",
                "flex": 1,
              }
            }
          >
            <View
              accessibilityLabel=" Tuesday 27 May 2025 "
              accessibilityState={
                {
                  "busy": undefined,
                  "checked": undefined,
                  "disabled": false,
                  "expanded": undefined,
                  "selected": undefined,
                }
              }
              accessibilityValue={
                {
                  "max": undefined,
                  "min": undefined,
                  "now": undefined,
                  "text": undefined,
                }
              }
              accessible={true}
              collapsable={false}
              focusable={true}
              onClick={[Function]}
              onResponderGrant={[Function]}
              onResponderMove={[Function]}
              onResponderRelease={[Function]}
              onResponderTerminate={[Function]}
              onResponderTerminationRequest={[Function]}
              onStartShouldSetResponder={[Function]}
              style={
                {
                  "alignItems": "center",
                  "height": 32,
                  "opacity": 1,
                  "width": 32,
                }
              }
              testID="undefined.day_2025-05-27"
            >
              <Text
                allowFontScaling={false}
                style={
                  [
                    {
                      "backgroundColor": "rgba(0, 0, 0, 0)",
                      "color": "#2d4150",
                      "fontFamily": "System",
                      "fontSize": 16,
                      "fontWeight": "300",
                      "marginTop": 6,
                    },
                    {
                      "color": "#d9e1e8",
                    },
                  ]
                }
              >
                27
              </Text>
              <View
                style={
                  [
                    {
                      "borderRadius": 2,
                      "height": 4,
                      "marginHorizontal": 1,
                      "marginTop": 1,
                      "opacity": 0,
                      "width": 4,
                    },
                  ]
                }
              />
            </View>
          </View>
          <View
            style={
              {
                "alignItems": "center",
                "flex": 1,
              }
            }
          >
            <View
              accessibilityLabel=" Wednesday 28 May 2025 "
              accessibilityState={
                {
                  "busy": undefined,
                  "checked": undefined,
                  "disabled": false,
                  "expanded": undefined,
                  "selected": undefined,
                }
              }
              accessibilityValue={
                {
                  "max": undefined,
                  "min": undefined,
                  "now": undefined,
                  "text": undefined,
                }
              }
              accessible={true}
              collapsable={false}
              focusable={true}
              onClick={[Function]}
              onResponderGrant={[Function]}
              onResponderMove={[Function]}
              onResponderRelease={[Function]}
              onResponderTerminate={[Function]}
              onResponderTerminationRequest={[Function]}
              onStartShouldSetResponder={[Function]}
              style={
                {
                  "alignItems": "center",
                  "height": 32,
                  "opacity": 1,
                  "width": 32,
                }
              }
              testID="undefined.day_2025-05-28"
            >
              <Text
                allowFontScaling={false}
                style={
                  [
                    {
                      "backgroundColor": "rgba(0, 0, 0, 0)",
                      "color": "#2d4150",
                      "fontFamily": "System",
                      "fontSize": 16,
                      "fontWeight": "300",
                      "marginTop": 6,
                    },
                    {
                      "color": "#d9e1e8",
                    },
                  ]
                }
              >
                28
              </Text>
              <View
                style={
                  [
                    {
                      "borderRadius": 2,
                      "height": 4,
                      "marginHorizontal": 1,
                      "marginTop": 1,
                      "opacity": 0,
                      "width": 4,
                    },
                  ]
                }
              />
            </View>
          </View>
          <View
            style={
              {
                "alignItems": "center",
                "flex": 1,
              }
            }
          >
            <View
              accessibilityLabel=" Thursday 29 May 2025 "
              accessibilityState={
                {
                  "busy": undefined,
                  "checked": undefined,
                  "disabled": false,
                  "expanded": undefined,
                  "selected": undefined,
                }
              }
              accessibilityValue={
                {
                  "max": undefined,
                  "min": undefined,
                  "now": undefined,
                  "text": undefined,
                }
              }
              accessible={true}
              collapsable={false}
              focusable={true}
              onClick={[Function]}
              onResponderGrant={[Function]}
              onResponderMove={[Function]}
              onResponderRelease={[Function]}
              onResponderTerminate={[Function]}
              onResponderTerminationRequest={[Function]}
              onStartShouldSetResponder={[Function]}
              style={
                {
                  "alignItems": "center",
                  "height": 32,
                  "opacity": 1,
                  "width": 32,
                }
              }
              testID="undefined.day_2025-05-29"
            >
              <Text
                allowFontScaling={false}
                style={
                  [
                    {
                      "backgroundColor": "rgba(0, 0, 0, 0)",
                      "color": "#2d4150",
                      "fontFamily": "System",
                      "fontSize": 16,
                      "fontWeight": "300",
                      "marginTop": 6,
                    },
                    {
                      "color": "#d9e1e8",
                    },
                  ]
                }
              >
                29
              </Text>
              <View
                style={
                  [
                    {
                      "borderRadius": 2,
                      "height": 4,
                      "marginHorizontal": 1,
                      "marginTop": 1,
                      "opacity": 0,
                      "width": 4,
                    },
                  ]
                }
              />
            </View>
          </View>
          <View
            style={
              {
                "alignItems": "center",
                "flex": 1,
              }
            }
          >
            <View
              accessibilityLabel=" Friday 30 May 2025 "
              accessibilityState={
                {
                  "busy": undefined,
                  "checked": undefined,
                  "disabled": false,
                  "expanded": undefined,
                  "selected": undefined,
                }
              }
              accessibilityValue={
                {
                  "max": undefined,
                  "min": undefined,
                  "now": undefined,
                  "text": undefined,
                }
              }
              accessible={true}
              collapsable={false}
              focusable={true}
              onClick={[Function]}
              onResponderGrant={[Function]}
              onResponderMove={[Function]}
              onResponderRelease={[Function]}
              onResponderTerminate={[Function]}
              onResponderTerminationRequest={[Function]}
              onStartShouldSetResponder={[Function]}
              style={
                {
                  "alignItems": "center",
                  "height": 32,
                  "opacity": 1,
                  "width": 32,
                }
              }
              testID="undefined.day_2025-05-30"
            >
              <Text
                allowFontScaling={false}
                style={
                  [
                    {
                      "backgroundColor": "rgba(0, 0, 0, 0)",
                      "color": "#2d4150",
                      "fontFamily": "System",
                      "fontSize": 16,
                      "fontWeight": "300",
                      "marginTop": 6,
                    },
                    {
                      "color": "#d9e1e8",
                    },
                  ]
                }
              >
                30
              </Text>
              <View
                style={
                  [
                    {
                      "borderRadius": 2,
                      "height": 4,
                      "marginHorizontal": 1,
                      "marginTop": 1,
                      "opacity": 0,
                      "width": 4,
                    },
                  ]
                }
              />
            </View>
          </View>
          <View
            style={
              {
                "alignItems": "center",
                "flex": 1,
              }
            }
          >
            <View
              accessibilityLabel="today Saturday 31 May 2025 selected You have no entries for this day "
              accessibilityRole="button"
              accessibilityState={
                {
                  "busy": undefined,
                  "checked": undefined,
                  "disabled": false,
                  "expanded": undefined,
                  "selected": undefined,
                }
              }
              accessibilityValue={
                {
                  "max": undefined,
                  "min": undefined,
                  "now": undefined,
                  "text": undefined,
                }
              }
              accessible={true}
              collapsable={false}
              focusable={true}
              onClick={[Function]}
              onResponderGrant={[Function]}
              onResponderMove={[Function]}
              onResponderRelease={[Function]}
              onResponderTerminate={[Function]}
              onResponderTerminationRequest={[Function]}
              onStartShouldSetResponder={[Function]}
              style={
                {
                  "alignItems": "center",
                  "backgroundColor": "#2ecc71",
                  "borderRadius": 16,
                  "height": 32,
                  "opacity": 1,
                  "width": 32,
                }
              }
              testID="undefined.day_2025-05-31"
            >
              <Text
                allowFontScaling={false}
                style={
                  [
                    {
                      "backgroundColor": "rgba(0, 0, 0, 0)",
                      "color": "#2d4150",
                      "fontFamily": "System",
                      "fontSize": 16,
                      "fontWeight": "300",
                      "marginTop": 6,
                    },
                    {
                      "color": "white",
                    },
                  ]
                }
              >
                31
              </Text>
              <View
                style={
                  [
                    {
                      "borderRadius": 2,
                      "height": 4,
                      "marginHorizontal": 1,
                      "marginTop": 1,
                      "opacity": 0,
                      "width": 4,
                    },
                  ]
                }
              />
            </View>
          </View>
        </View>
      </View>
    </View>
  </View>,
]
`;
